[2026-05-02T09:46:23Z] Starting poll daemon...
[2026-05-02T09:46:23Z] === Poll cycle started ===
[2026-05-02T09:46:23Z] Daemon started with PID 26987
[2026-05-02T09:46:25Z] === Poll cycle completed, sleeping 30s ===
[2026-05-02T09:46:55Z] === Poll cycle started ===
[2026-05-02T09:46:56Z] === Poll cycle completed, sleeping 30s ===
[2026-05-02T09:47:26Z] === Poll cycle started ===
[2026-05-02T09:47:27Z] === Poll cycle completed, sleeping 30s ===
[2026-05-02T09:47:57Z] === Poll cycle started ===
[2026-05-02T09:47:59Z] === Poll cycle completed, sleeping 30s ===
[2026-05-02T09:48:29Z] === Poll cycle started ===
[2026-05-02T09:48:30Z] === Poll cycle completed, sleeping 30s ===
[2026-05-02T09:49:00Z] === Poll cycle started ===
[2026-05-02T09:49:01Z] === Poll cycle completed, sleeping 30s ===
[2026-05-02T09:49:31Z] === Poll cycle started ===
[2026-05-02T09:49:33Z] === Poll cycle completed, sleeping 30s ===
[2026-05-02T09:50:03Z] === Poll cycle started ===
[2026-05-02T09:50:05Z] === Poll cycle completed, sleeping 30s ===
[2026-05-02T09:50:35Z] === Poll cycle started ===
[2026-05-02T09:50:36Z] === Poll cycle completed, sleeping 30s ===
[2026-05-02T09:51:06Z] === Poll cycle started ===
[2026-05-02T09:51:07Z] === Poll cycle completed, sleeping 30s ===
[2026-05-02T09:51:37Z] === Poll cycle started ===
[2026-05-02T09:51:39Z] === Poll cycle completed, sleeping 30s ===
[2026-05-02T09:52:09Z] === Poll cycle started ===
[2026-05-02T09:52:10Z] === Poll cycle completed, sleeping 30s ===
[2026-05-02T09:52:40Z] === Poll cycle started ===
[2026-05-02T09:52:41Z] === Poll cycle completed, sleeping 30s ===
[2026-05-02T09:53:11Z] === Poll cycle started ===
[2026-05-02T09:53:13Z] === Poll cycle completed, sleeping 30s ===
[2026-05-02T09:53:43Z] === Poll cycle started ===
[2026-05-02T09:53:44Z] === Poll cycle completed, sleeping 30s ===
[2026-05-02T09:54:14Z] === Poll cycle started ===
[2026-05-02T09:54:16Z] === Poll cycle completed, sleeping 30s ===
[2026-05-02T09:54:46Z] === Poll cycle started ===
[2026-05-02T09:54:47Z] === Poll cycle completed, sleeping 30s ===
[2026-05-02T09:55:17Z] === Poll cycle started ===
[2026-05-02T09:55:18Z] === Poll cycle completed, sleeping 30s ===
[2026-05-02T09:55:37Z] Daemon already running (PID: 26987)
[2026-05-02T09:55:48Z] === Poll cycle started ===
[2026-05-02T09:55:48Z] === Poll cycle completed, sleeping 30s ===
[2026-05-02T09:56:05Z] Daemon already running (PID: 26987)
[2026-05-02T09:56:18Z] === Poll cycle started ===
[2026-05-02T09:56:19Z] === Poll cycle completed, sleeping 30s ===
[2026-05-02T09:56:49Z] === Poll cycle started ===
[2026-05-02T09:56:49Z] === Poll cycle completed, sleeping 30s ===
[2026-05-02T09:57:19Z] === Poll cycle started ===
[2026-05-02T09:57:20Z] === Poll cycle completed, sleeping 30s ===
[2026-05-02T09:57:50Z] === Poll cycle started ===
[2026-05-02T09:57:52Z] === Poll cycle completed, sleeping 30s ===
[2026-05-02T09:58:23Z] === Poll cycle started ===
[2026-05-02T09:58:23Z] === Poll cycle completed, sleeping 30s ===
[2026-05-02T09:58:53Z] === Poll cycle started ===
[2026-05-02T09:58:55Z] === Poll cycle completed, sleeping 30s ===
[2026-05-02T09:59:25Z] === Poll cycle started ===
[2026-05-02T09:59:26Z] === Poll cycle completed, sleeping 30s ===
[2026-05-02T09:59:56Z] === Poll cycle started ===
[2026-05-02T09:59:57Z] === Poll cycle completed, sleeping 30s ===
[2026-05-02T10:00:27Z] === Poll cycle started ===
[2026-05-02T10:00:28Z] === Poll cycle completed, sleeping 30s ===
[2026-05-02T10:00:58Z] === Poll cycle started ===
[2026-05-02T10:00:58Z] === Poll cycle completed, sleeping 30s ===
[2026-05-02T10:01:28Z] === Poll cycle started ===
[2026-05-02T10:01:29Z] === Poll cycle completed, sleeping 30s ===
[2026-05-02T10:01:59Z] === Poll cycle started ===
[2026-05-02T10:02:00Z] === Poll cycle completed, sleeping 30s ===
[2026-05-02T10:02:30Z] === Poll cycle started ===
[2026-05-02T10:02:31Z] === Poll cycle completed, sleeping 30s ===
[2026-05-02T10:03:01Z] === Poll cycle started ===
[2026-05-02T10:03:02Z] === Poll cycle completed, sleeping 30s ===
[2026-05-02T10:03:32Z] === Poll cycle started ===
[2026-05-02T10:03:33Z] === Poll cycle completed, sleeping 30s ===
[2026-05-02T10:04:03Z] === Poll cycle started ===
[2026-05-02T10:04:04Z] === Poll cycle completed, sleeping 30s ===
[2026-05-02T10:04:34Z] === Poll cycle started ===
[2026-05-02T10:04:35Z] === Poll cycle completed, sleeping 30s ===
[2026-05-02T10:05:06Z] === Poll cycle started ===
[2026-05-02T10:05:07Z] === Poll cycle completed, sleeping 30s ===
[2026-05-02T10:05:37Z] === Poll cycle started ===
[2026-05-02T10:05:38Z] === Poll cycle completed, sleeping 30s ===
[2026-05-02T10:06:08Z] === Poll cycle started ===
[2026-05-02T10:06:09Z] === Poll cycle completed, sleeping 30s ===
[2026-05-02T10:06:39Z] === Poll cycle started ===
[2026-05-02T10:06:40Z] === Poll cycle completed, sleeping 30s ===
[2026-05-02T10:07:10Z] === Poll cycle started ===
[2026-05-02T10:07:11Z] === Poll cycle completed, sleeping 30s ===
[2026-05-02T10:07:41Z] === Poll cycle started ===
[2026-05-02T10:07:42Z] === Poll cycle completed, sleeping 30s ===
[2026-05-02T10:08:12Z] === Poll cycle started ===
[2026-05-02T10:08:14Z] === Poll cycle completed, sleeping 30s ===
[2026-05-02T10:08:44Z] === Poll cycle started ===
[2026-05-02T10:08:45Z] === Poll cycle completed, sleeping 30s ===
[2026-05-02T10:09:15Z] === Poll cycle started ===
[2026-05-02T10:09:17Z] === Poll cycle completed, sleeping 30s ===
[2026-05-02T10:09:47Z] === Poll cycle started ===
[2026-05-02T10:09:49Z] === Poll cycle completed, sleeping 30s ===
[2026-05-02T10:10:19Z] === Poll cycle started ===
[2026-05-02T10:10:20Z] === Poll cycle completed, sleeping 30s ===
[2026-05-02T10:10:50Z] === Poll cycle started ===
[2026-05-02T10:10:54Z] === Poll cycle completed, sleeping 30s ===
[2026-05-02T10:11:24Z] === Poll cycle started ===
[2026-05-02T10:11:26Z] === Poll cycle completed, sleeping 30s ===
[2026-05-02T10:11:56Z] === Poll cycle started ===
[2026-05-02T10:11:57Z] === Poll cycle completed, sleeping 30s ===
[2026-05-02T10:12:27Z] === Poll cycle started ===
[2026-05-02T10:12:29Z] === Poll cycle completed, sleeping 30s ===
[2026-05-02T10:12:59Z] === Poll cycle started ===
[2026-05-02T10:13:01Z] === Poll cycle completed, sleeping 30s ===
[2026-05-02T10:13:31Z] === Poll cycle started ===
[2026-05-02T10:13:33Z] === Poll cycle completed, sleeping 30s ===
[2026-05-02T10:14:03Z] === Poll cycle started ===
[2026-05-02T10:14:04Z] === Poll cycle completed, sleeping 30s ===
[2026-05-02T10:14:34Z] === Poll cycle started ===
[2026-05-02T10:14:36Z] === Poll cycle completed, sleeping 30s ===
[2026-05-02T10:15:06Z] === Poll cycle started ===
[2026-05-02T10:15:08Z] === Poll cycle completed, sleeping 30s ===
[2026-05-02T10:15:38Z] === Poll cycle started ===
[2026-05-02T10:15:39Z] === Poll cycle completed, sleeping 30s ===
[2026-05-02T10:16:09Z] === Poll cycle started ===
[2026-05-02T10:16:11Z] === Poll cycle completed, sleeping 30s ===
[2026-05-03T02:32:52Z] Stale PID file found, cleaning up
[2026-05-03T02:32:52Z] Starting poll daemon...
[2026-05-03T02:32:52Z] === Poll cycle started ===
[2026-05-03T02:32:52Z] Daemon started with PID 1931
[2026-05-03T02:32:53Z] === Poll cycle completed, sleeping 30s ===
[2026-05-03T02:33:23Z] === Poll cycle started ===
[2026-05-03T02:33:23Z] === Poll cycle completed, sleeping 30s ===
[2026-05-03T02:33:53Z] === Poll cycle started ===
[2026-05-03T02:33:54Z] === Poll cycle completed, sleeping 30s ===
[2026-05-03T02:34:24Z] === Poll cycle started ===
[2026-05-03T02:34:24Z] === Poll cycle completed, sleeping 30s ===
[2026-05-03T02:34:54Z] === Poll cycle started ===
[2026-05-03T02:34:55Z] === Poll cycle completed, sleeping 30s ===
[2026-05-03T02:35:25Z] === Poll cycle started ===
[2026-05-03T02:35:26Z] === Poll cycle completed, sleeping 30s ===
[2026-05-03T02:35:56Z] === Poll cycle started ===
[2026-05-03T02:35:56Z] === Poll cycle completed, sleeping 30s ===
[2026-05-03T02:36:26Z] === Poll cycle started ===
[2026-05-03T02:36:27Z] === Poll cycle completed, sleeping 30s ===
[2026-05-03T02:37:21Z] Stale PID file found, cleaning up
[2026-05-03T02:37:21Z] Starting poll daemon...
[2026-05-03T02:37:21Z] === Poll cycle started ===
[2026-05-03T02:37:21Z] Daemon started with PID 125
[2026-05-03T02:37:22Z] === Poll cycle completed, sleeping 30s ===
[2026-05-03T02:37:52Z] === Poll cycle started ===
[2026-05-03T02:37:52Z] === Poll cycle completed, sleeping 30s ===
[2026-05-03T02:38:22Z] === Poll cycle started ===
[2026-05-03T02:38:23Z] === Poll cycle completed, sleeping 30s ===
[2026-05-03T02:38:53Z] === Poll cycle started ===
[2026-05-03T02:38:54Z] === Poll cycle completed, sleeping 30s ===
[2026-05-03T02:39:24Z] === Poll cycle started ===
[2026-05-03T02:39:24Z] === Poll cycle completed, sleeping 30s ===
[2026-05-03T02:39:54Z] === Poll cycle started ===
[2026-05-03T02:39:55Z] === Poll cycle completed, sleeping 30s ===
[2026-05-03T02:40:25Z] === Poll cycle started ===
[2026-05-03T02:40:25Z] === Poll cycle completed, sleeping 30s ===
[2026-05-03T02:40:55Z] === Poll cycle started ===
[2026-05-03T02:40:56Z] === Poll cycle completed, sleeping 30s ===
[2026-05-03T02:41:26Z] === Poll cycle started ===
[2026-05-03T02:41:26Z] === Poll cycle completed, sleeping 30s ===
[2026-05-03T02:41:56Z] === Poll cycle started ===
[2026-05-03T02:41:57Z] === Poll cycle completed, sleeping 30s ===
[2026-05-03T02:42:27Z] === Poll cycle started ===
[2026-05-03T02:42:28Z] === Poll cycle completed, sleeping 30s ===
[2026-05-03T02:42:58Z] === Poll cycle started ===
[2026-05-03T02:42:58Z] === Poll cycle completed, sleeping 30s ===
[2026-05-03T02:43:28Z] === Poll cycle started ===
[2026-05-03T02:43:29Z] === Poll cycle completed, sleeping 30s ===
[2026-05-03T02:43:59Z] === Poll cycle started ===
[2026-05-03T02:44:00Z] === Poll cycle completed, sleeping 30s ===
[2026-05-03T02:44:30Z] === Poll cycle started ===
[2026-05-03T02:44:30Z] === Poll cycle completed, sleeping 30s ===
[2026-05-03T02:45:00Z] === Poll cycle started ===
[2026-05-03T02:45:01Z] === Poll cycle completed, sleeping 30s ===
[2026-05-03T02:45:31Z] === Poll cycle started ===
[2026-05-03T02:45:31Z] === Poll cycle completed, sleeping 30s ===
[2026-05-03T02:46:01Z] === Poll cycle started ===
[2026-05-03T02:46:02Z] === Poll cycle completed, sleeping 30s ===
[2026-05-03T02:46:33Z] === Poll cycle started ===
[2026-05-03T02:46:33Z] === Poll cycle completed, sleeping 30s ===
[2026-05-03T02:47:04Z] === Poll cycle started ===
[2026-05-03T02:47:04Z] === Poll cycle completed, sleeping 30s ===
[2026-05-03T02:47:34Z] === Poll cycle started ===
[2026-05-03T02:47:35Z] === Poll cycle completed, sleeping 30s ===
[2026-05-03T02:48:05Z] === Poll cycle started ===
[2026-05-03T02:48:05Z] === Poll cycle completed, sleeping 30s ===
[2026-05-03T02:48:35Z] === Poll cycle started ===
[2026-05-03T02:48:36Z] === Poll cycle completed, sleeping 30s ===
[2026-05-03T02:49:06Z] === Poll cycle started ===
[2026-05-03T02:49:07Z] === Poll cycle completed, sleeping 30s ===
[2026-05-03T02:49:37Z] === Poll cycle started ===
[2026-05-03T02:49:37Z] === Poll cycle completed, sleeping 30s ===
[2026-05-03T02:50:07Z] === Poll cycle started ===
[2026-05-03T02:50:08Z] === Poll cycle completed, sleeping 30s ===
[2026-05-03T02:50:38Z] === Poll cycle started ===
[2026-05-03T02:50:38Z] === Poll cycle completed, sleeping 30s ===
[2026-05-03T02:51:08Z] === Poll cycle started ===
[2026-05-03T02:51:09Z] === Poll cycle completed, sleeping 30s ===
[2026-05-03T02:51:39Z] === Poll cycle started ===
[2026-05-03T02:51:40Z] === Poll cycle completed, sleeping 30s ===
[2026-05-03T02:52:10Z] === Poll cycle started ===
[2026-05-03T02:52:10Z] === Poll cycle completed, sleeping 30s ===
[2026-05-03T02:52:40Z] === Poll cycle started ===
[2026-05-03T02:52:41Z] === Poll cycle completed, sleeping 30s ===
[2026-05-03T02:53:11Z] === Poll cycle started ===
[2026-05-03T02:53:11Z] === Poll cycle completed, sleeping 30s ===
[2026-05-03T02:53:41Z] === Poll cycle started ===
[2026-05-03T02:53:42Z] === Poll cycle completed, sleeping 30s ===
[2026-05-03T02:54:12Z] === Poll cycle started ===
[2026-05-03T02:54:13Z] === Poll cycle completed, sleeping 30s ===
[2026-05-03T02:54:43Z] === Poll cycle started ===
[2026-05-03T02:54:43Z] === Poll cycle completed, sleeping 30s ===
[2026-05-03T02:55:13Z] === Poll cycle started ===
[2026-05-03T02:55:14Z] === Poll cycle completed, sleeping 30s ===
[2026-05-03T02:55:44Z] === Poll cycle started ===
[2026-05-03T02:55:45Z] === Poll cycle completed, sleeping 30s ===
[2026-05-03T02:56:15Z] === Poll cycle started ===
[2026-05-03T02:56:15Z] === Poll cycle completed, sleeping 30s ===
[2026-05-03T02:56:45Z] === Poll cycle started ===
[2026-05-03T02:56:46Z] === Poll cycle completed, sleeping 30s ===
[2026-05-03T02:57:16Z] === Poll cycle started ===
[2026-05-03T02:57:16Z] === Poll cycle completed, sleeping 30s ===
[2026-05-03T02:57:46Z] === Poll cycle started ===
[2026-05-03T02:57:47Z] === Poll cycle completed, sleeping 30s ===
[2026-05-03T02:58:17Z] === Poll cycle started ===
[2026-05-03T02:58:18Z] === Poll cycle completed, sleeping 30s ===
[2026-05-03T02:58:48Z] === Poll cycle started ===
[2026-05-03T02:58:48Z] === Poll cycle completed, sleeping 30s ===
[2026-05-03T02:59:18Z] === Poll cycle started ===
[2026-05-03T02:59:19Z] === Poll cycle completed, sleeping 30s ===
[2026-05-03T02:59:49Z] === Poll cycle started ===
[2026-05-03T02:59:49Z] === Poll cycle completed, sleeping 30s ===
[2026-05-03T03:00:19Z] === Poll cycle started ===
[2026-05-03T03:00:20Z] === Poll cycle completed, sleeping 30s ===
[2026-05-03T03:00:50Z] === Poll cycle started ===
[2026-05-03T03:00:51Z] === Poll cycle completed, sleeping 30s ===
[2026-05-03T03:01:21Z] === Poll cycle started ===
[2026-05-03T03:01:21Z] === Poll cycle completed, sleeping 30s ===
[2026-05-03T03:01:51Z] === Poll cycle started ===
[2026-05-03T03:01:52Z] === Poll cycle completed, sleeping 30s ===
[2026-05-03T03:02:22Z] === Poll cycle started ===
[2026-05-03T03:02:23Z] === Poll cycle completed, sleeping 30s ===
[2026-05-03T03:02:53Z] === Poll cycle started ===
[2026-05-03T03:02:53Z] === Poll cycle completed, sleeping 30s ===
[2026-05-03T03:03:23Z] === Poll cycle started ===
[2026-05-03T03:03:24Z] === Poll cycle completed, sleeping 30s ===
[2026-05-03T03:03:54Z] === Poll cycle started ===
[2026-05-03T03:03:55Z] === Poll cycle completed, sleeping 30s ===
[2026-05-03T03:04:25Z] === Poll cycle started ===
[2026-05-03T03:04:25Z] === Poll cycle completed, sleeping 30s ===
[2026-05-03T03:04:55Z] === Poll cycle started ===
[2026-05-03T03:04:56Z] === Poll cycle completed, sleeping 30s ===
[2026-05-03T03:05:26Z] === Poll cycle started ===
[2026-05-03T03:05:26Z] === Poll cycle completed, sleeping 30s ===
[2026-05-03T03:05:56Z] === Poll cycle started ===
[2026-05-03T03:05:57Z] === Poll cycle completed, sleeping 30s ===
[2026-05-03T03:06:27Z] === Poll cycle started ===
[2026-05-03T03:06:28Z] === Poll cycle completed, sleeping 30s ===
[2026-05-03T03:06:58Z] === Poll cycle started ===
[2026-05-03T03:06:58Z] === Poll cycle completed, sleeping 30s ===
[2026-05-03T03:25:39Z] Stale PID file found, cleaning up
[2026-05-03T03:25:39Z] Starting poll daemon...
[2026-05-03T03:25:39Z] === Poll cycle started ===
[2026-05-03T03:25:39Z] Daemon started with PID 7157
[2026-05-03T03:25:40Z] === Poll cycle completed, sleeping 30s ===
[2026-05-03T03:26:10Z] === Poll cycle started ===
[2026-05-03T03:26:11Z] === Poll cycle completed, sleeping 30s ===
[2026-05-03T03:26:41Z] === Poll cycle started ===
[2026-05-03T03:26:41Z] === Poll cycle completed, sleeping 30s ===
[2026-05-03T03:27:11Z] === Poll cycle started ===
[2026-05-03T03:27:12Z] === Poll cycle completed, sleeping 30s ===
[2026-05-03T03:27:42Z] === Poll cycle started ===
[2026-05-03T03:27:42Z] === Poll cycle completed, sleeping 30s ===
[2026-05-03T03:28:12Z] === Poll cycle started ===
[2026-05-03T03:28:13Z] === Poll cycle completed, sleeping 30s ===
[2026-05-03T03:28:43Z] === Poll cycle started ===
[2026-05-03T03:28:44Z] === Poll cycle completed, sleeping 30s ===
[2026-05-03T03:29:14Z] === Poll cycle started ===
[2026-05-03T03:29:14Z] === Poll cycle completed, sleeping 30s ===
[2026-05-03T03:29:44Z] === Poll cycle started ===
[2026-05-03T03:29:45Z] === Poll cycle completed, sleeping 30s ===
[2026-05-03T03:30:15Z] === Poll cycle started ===
[2026-05-03T03:30:15Z] === Poll cycle completed, sleeping 30s ===
[2026-05-03T03:30:45Z] === Poll cycle started ===
[2026-05-03T03:30:46Z] === Poll cycle completed, sleeping 30s ===
[2026-05-03T03:31:16Z] === Poll cycle started ===
[2026-05-03T03:31:16Z] === Poll cycle completed, sleeping 30s ===
[2026-05-03T03:31:46Z] === Poll cycle started ===
[2026-05-03T03:31:47Z] === Poll cycle completed, sleeping 30s ===
[2026-05-03T03:32:17Z] === Poll cycle started ===
[2026-05-03T03:32:18Z] === Poll cycle completed, sleeping 30s ===
[2026-05-03T03:32:48Z] === Poll cycle started ===
[2026-05-03T03:32:48Z] === Poll cycle completed, sleeping 30s ===
[2026-05-03T03:33:18Z] === Poll cycle started ===
[2026-05-03T03:33:19Z] === Poll cycle completed, sleeping 30s ===
[2026-05-03T03:33:49Z] === Poll cycle started ===
[2026-05-03T03:33:49Z] === Poll cycle completed, sleeping 30s ===
[2026-05-03T03:34:19Z] === Poll cycle started ===
[2026-05-03T03:34:20Z] === Poll cycle completed, sleeping 30s ===
[2026-05-03T03:34:50Z] === Poll cycle started ===
[2026-05-03T03:34:50Z] === Poll cycle completed, sleeping 30s ===
[2026-05-03T03:35:20Z] === Poll cycle started ===
[2026-05-03T03:35:21Z] === Poll cycle completed, sleeping 30s ===
[2026-05-03T03:35:51Z] === Poll cycle started ===
[2026-05-03T03:35:52Z] === Poll cycle completed, sleeping 30s ===
[2026-05-03T03:36:22Z] === Poll cycle started ===
[2026-05-03T03:36:22Z] === Poll cycle completed, sleeping 30s ===
[2026-05-03T03:36:52Z] === Poll cycle started ===
[2026-05-03T03:36:53Z] === Poll cycle completed, sleeping 30s ===
[2026-05-03T03:37:23Z] === Poll cycle started ===
[2026-05-03T03:37:23Z] === Poll cycle completed, sleeping 30s ===
[2026-05-03T03:37:53Z] === Poll cycle started ===
[2026-05-03T03:37:54Z] === Poll cycle completed, sleeping 30s ===
[2026-05-03T03:38:24Z] === Poll cycle started ===
[2026-05-03T03:38:25Z] === Poll cycle completed, sleeping 30s ===
[2026-05-03T03:38:55Z] === Poll cycle started ===
[2026-05-03T03:38:55Z] === Poll cycle completed, sleeping 30s ===
[2026-05-03T03:39:25Z] === Poll cycle started ===
[2026-05-03T03:39:26Z] === Poll cycle completed, sleeping 30s ===
[2026-05-03T03:39:56Z] === Poll cycle started ===
[2026-05-03T03:39:56Z] === Poll cycle completed, sleeping 30s ===
[2026-05-03T03:40:26Z] === Poll cycle started ===
[2026-05-03T03:40:27Z] === Poll cycle completed, sleeping 30s ===
[2026-05-03T03:40:57Z] === Poll cycle started ===
[2026-05-03T03:40:57Z] === Poll cycle completed, sleeping 30s ===
[2026-05-03T03:41:27Z] === Poll cycle started ===
[2026-05-03T03:41:28Z] === Poll cycle completed, sleeping 30s ===
[2026-05-03T03:41:58Z] === Poll cycle started ===
[2026-05-03T03:41:59Z] === Poll cycle completed, sleeping 30s ===
[2026-05-03T03:42:29Z] === Poll cycle started ===
[2026-05-03T03:42:29Z] === Poll cycle completed, sleeping 30s ===
[2026-05-03T03:42:59Z] === Poll cycle started ===
[2026-05-03T03:43:00Z] === Poll cycle completed, sleeping 30s ===
[2026-05-03T03:43:30Z] === Poll cycle started ===
[2026-05-03T03:43:30Z] === Poll cycle completed, sleeping 30s ===
[2026-05-03T03:44:00Z] === Poll cycle started ===
[2026-05-03T03:44:01Z] === Poll cycle completed, sleeping 30s ===
[2026-05-03T03:44:31Z] === Poll cycle started ===
[2026-05-03T03:44:32Z] === Poll cycle completed, sleeping 30s ===
[2026-05-03T03:45:02Z] === Poll cycle started ===
[2026-05-03T03:45:02Z] === Poll cycle completed, sleeping 30s ===
[2026-05-03T03:45:32Z] === Poll cycle started ===
[2026-05-03T03:45:33Z] === Poll cycle completed, sleeping 30s ===
[2026-05-03T03:46:03Z] === Poll cycle started ===
[2026-05-03T03:46:03Z] === Poll cycle completed, sleeping 30s ===
[2026-05-03T03:46:33Z] === Poll cycle started ===
[2026-05-03T03:46:34Z] === Poll cycle completed, sleeping 30s ===
[2026-05-03T04:18:05Z] === Poll cycle started ===
[2026-05-03T04:18:05Z] === Poll cycle completed, sleeping 30s ===
[2026-05-03T04:48:19Z] === Poll cycle started ===
[2026-05-03T04:48:20Z] === Poll cycle completed, sleeping 30s ===
[2026-05-03T05:18:34Z] === Poll cycle started ===
[2026-05-03T05:18:35Z] === Poll cycle completed, sleeping 30s ===
[2026-05-03T05:48:43Z] === Poll cycle started ===
[2026-05-03T05:48:44Z] === Poll cycle completed, sleeping 30s ===
[2026-05-03T06:34:04Z] === Poll cycle started ===
[2026-05-03T06:34:05Z] === Poll cycle completed, sleeping 30s ===
[2026-05-03T07:04:21Z] === Poll cycle started ===
[2026-05-03T07:04:21Z] === Poll cycle completed, sleeping 30s ===
[2026-05-03T07:49:40Z] === Poll cycle started ===
[2026-05-03T07:49:40Z] === Poll cycle completed, sleeping 30s ===
[2026-05-03T08:34:59Z] === Poll cycle started ===
[2026-05-03T08:35:00Z] === Poll cycle completed, sleeping 30s ===
[2026-05-03T09:20:14Z] === Poll cycle started ===
[2026-05-03T12:21:29Z] === Poll cycle completed, sleeping 30s ===
[2026-05-03T12:40:35Z] === Poll cycle started ===
[2026-05-05T02:30:02Z] Stale PID file found, cleaning up
[2026-05-05T02:30:02Z] Starting poll daemon...
[2026-05-05T02:30:02Z] === Poll cycle started ===
[2026-05-05T02:30:02Z] Daemon started with PID 15925
[2026-05-05T02:30:05Z] === Poll cycle completed, sleeping 30s ===
[2026-05-05T02:30:35Z] === Poll cycle started ===
[2026-05-05T02:30:39Z] === Poll cycle completed, sleeping 30s ===
[2026-05-05T02:31:09Z] === Poll cycle started ===
[2026-05-05T02:31:12Z] === Poll cycle completed, sleeping 30s ===
[2026-05-05T02:31:42Z] === Poll cycle started ===
[2026-05-05T02:31:44Z] === Poll cycle completed, sleeping 30s ===
[2026-05-05T02:32:14Z] === Poll cycle started ===
[2026-05-05T02:32:17Z] === Poll cycle completed, sleeping 30s ===
[2026-05-05T02:32:47Z] === Poll cycle started ===
[2026-05-05T02:32:50Z] === Poll cycle completed, sleeping 30s ===
[2026-05-05T02:33:20Z] === Poll cycle started ===
[2026-05-05T02:33:22Z] === Poll cycle completed, sleeping 30s ===
[2026-05-05T02:33:52Z] === Poll cycle started ===
[2026-05-05T02:33:55Z] === Poll cycle completed, sleeping 30s ===
[2026-05-05T02:34:25Z] === Poll cycle started ===
[2026-05-05T02:34:27Z] === Poll cycle completed, sleeping 30s ===
[2026-05-05T02:34:57Z] === Poll cycle started ===
[2026-05-05T02:34:59Z] === Poll cycle completed, sleeping 30s ===
[2026-05-05T02:35:29Z] === Poll cycle started ===
[2026-05-05T02:35:32Z] === Poll cycle completed, sleeping 30s ===
[2026-05-05T02:36:02Z] === Poll cycle started ===
[2026-05-05T02:36:04Z] === Poll cycle completed, sleeping 30s ===
[2026-05-05T02:36:34Z] === Poll cycle started ===
[2026-05-05T02:36:37Z] === Poll cycle completed, sleeping 30s ===
[2026-05-05T02:37:07Z] === Poll cycle started ===
[2026-05-05T02:37:09Z] === Poll cycle completed, sleeping 30s ===
[2026-05-05T02:37:39Z] === Poll cycle started ===
[2026-05-05T02:37:42Z] === Poll cycle completed, sleeping 30s ===
[2026-05-05T02:38:12Z] === Poll cycle started ===
[2026-05-05T02:38:15Z] === Poll cycle completed, sleeping 30s ===
[2026-05-05T02:38:45Z] === Poll cycle started ===
[2026-05-05T02:38:48Z] === Poll cycle completed, sleeping 30s ===
[2026-05-05T02:39:18Z] === Poll cycle started ===
[2026-05-05T02:39:20Z] === Poll cycle completed, sleeping 30s ===
[2026-05-05T02:39:50Z] === Poll cycle started ===
[2026-05-05T02:39:53Z] === Poll cycle completed, sleeping 30s ===
[2026-05-05T02:40:23Z] === Poll cycle started ===
[2026-05-05T02:40:29Z] === Poll cycle completed, sleeping 30s ===
[2026-05-05T02:40:59Z] === Poll cycle started ===
[2026-05-05T02:41:02Z] === Poll cycle completed, sleeping 30s ===
[2026-05-05T02:41:32Z] === Poll cycle started ===
[2026-05-05T02:41:34Z] === Poll cycle completed, sleeping 30s ===
[2026-05-05T02:42:04Z] === Poll cycle started ===
[2026-05-05T02:42:08Z] === Poll cycle completed, sleeping 30s ===
[2026-05-05T02:42:38Z] === Poll cycle started ===
[2026-05-05T02:42:41Z] === Poll cycle completed, sleeping 30s ===
[2026-05-05T02:43:11Z] === Poll cycle started ===
[2026-05-05T02:43:13Z] === Poll cycle completed, sleeping 30s ===
[2026-05-05T02:43:43Z] === Poll cycle started ===
[2026-05-05T02:43:46Z] === Poll cycle completed, sleeping 30s ===
[2026-05-05T02:44:16Z] === Poll cycle started ===
[2026-05-05T02:44:19Z] === Poll cycle completed, sleeping 30s ===
[2026-05-05T02:44:49Z] === Poll cycle started ===
[2026-05-05T02:44:52Z] === Poll cycle completed, sleeping 30s ===
[2026-05-05T02:45:22Z] === Poll cycle started ===
[2026-05-05T02:45:24Z] === Poll cycle completed, sleeping 30s ===
[2026-05-05T02:45:54Z] === Poll cycle started ===
[2026-05-05T02:45:58Z] === Poll cycle completed, sleeping 30s ===
[2026-05-05T02:46:28Z] === Poll cycle started ===
[2026-05-05T02:46:30Z] === Poll cycle completed, sleeping 30s ===
[2026-05-05T02:47:00Z] === Poll cycle started ===
[2026-05-05T02:47:03Z] === Poll cycle completed, sleeping 30s ===
[2026-05-05T02:47:33Z] === Poll cycle started ===
[2026-05-05T02:47:35Z] === Poll cycle completed, sleeping 30s ===
[2026-05-05T02:48:05Z] === Poll cycle started ===
[2026-05-05T02:48:10Z] === Poll cycle completed, sleeping 30s ===
[2026-05-05T02:48:40Z] === Poll cycle started ===
[2026-05-05T02:48:42Z] === Poll cycle completed, sleeping 30s ===
[2026-05-05T02:49:12Z] === Poll cycle started ===
[2026-05-05T02:49:15Z] === Poll cycle completed, sleeping 30s ===
